Beispiel 2 - Wasserfallmodell

Vorgangsnummer; Vorgangsbezeichnung; D; FAZ; FEZ; SAZ; SEZ; GP; FP
1; Problemanalyse; 2.0; 0.0; 2.0; 0.0; 2.0; 0.0; 0.0
2; Grobplanung; 3.0; 2.0; 5.0; 2.0; 5.0; 0.0; 0.0
3; Feinplanung; 3.0; 5.0; 8.0; 5.0; 8.0; 0.0; 0.0
4; Implementierung; 10.0; 8.0; 18.0; 8.0; 18.0; 0.0; 0.0
5; Testphase; 5.0; 18.0; 23.0; 18.0; 23.0; 0.0; 0.0
6; Einsatz und Wartung; 5.0; 23.0; 28.0; 23.0; 28.0; 0.0; 0.0

Anfangsvorgang: 1
Endvorgang: 6
Gesamtdauer: 28.0

Kritischer Pfad:
1. 1->2->3->4->5->6
