Beispiel 3

Vorgangsnummer; Vorgangsbezeichnung; D; FAZ; FEZ; SAZ; SEZ; GP; FP
1; Kaffee mahlen; 1.0; 0.0; 1.0; 2.0; 3.0; 2.0; 0.0
2; Kaffee in Trichter füllen; 1.0; 1.0; 2.0; 3.0; 4.0; 2.0; 2.0
3; Wasser kochen; 4.0; 0.0; 4.0; 0.0; 4.0; 0.0; 0.0
4; Kaffee brühen; 6.0; 4.0; 10.0; 4.0; 10.0; 0.0; 0.0
5; Kaffee trinken; 3.0; 10.0; 13.0; 10.0; 13.0; 0.0; 0.0
6; Tee in Beutel füllen; 1.0; 0.0; 1.0; 3.0; 4.0; 3.0; 3.0
7; Tee aufsetzen; 5.0; 4.0; 9.0; 4.0; 9.0; 0.0; 0.0
8; Tee trinken; 3.0; 9.0; 12.0; 9.0; 12.0; 0.0; 0.0

Anfangsvorgang: 1,3,6
Endvorgang: 5,8
Maximale Gesamtdauer (da mehrere Endzustaende): 13.0

Kritische Pfade:
1. 3->4->5
2. 3->7->8
