Normal_GroßerVerzweigterNetzplan

Vorgangsnummer; Vorgangsbezeichnung; D; FAZ; FEZ; SAZ; SEZ; GP; FP
1; A; 10.0; 0.0; 10.0; 0.0; 10.0; 0.0; 0.0
2; B; 5.0; 10.0; 15.0; 23.0; 28.0; 13.0; 0.0
3; C; 4.0; 10.0; 14.0; 16.0; 20.0; 6.0; 1.0
4; D; 8.0; 10.0; 18.0; 10.0; 18.0; 0.0; 0.0
5; E; 7.0; 10.0; 17.0; 18.0; 25.0; 8.0; 3.0
6; F; 5.0; 10.0; 15.0; 15.0; 20.0; 5.0; 0.0
7; G; 5.0; 15.0; 20.0; 28.0; 33.0; 13.0; 0.0
8; H; 2.0; 18.0; 20.0; 18.0; 20.0; 0.0; 0.0
9; I; 5.0; 15.0; 20.0; 20.0; 25.0; 5.0; 0.0
10; J; 8.0; 20.0; 28.0; 33.0; 41.0; 13.0; 2.0
11; K; 10.0; 20.0; 30.0; 20.0; 30.0; 0.0; 0.0
12; L; 5.0; 20.0; 25.0; 25.0; 30.0; 5.0; 0.0
13; M; 5.0; 20.0; 25.0; 25.0; 30.0; 5.0; 5.0
14; N; 9.0; 30.0; 39.0; 41.0; 50.0; 11.0; 0.0
15; O; 20.0; 30.0; 50.0; 30.0; 50.0; 0.0; 0.0
16; P; 10.0; 50.0; 60.0; 50.0; 60.0; 0.0; 0.0

Anfangsvorgang: 1
Endvorgang: 16
Gesamtdauer: 60.0

Kritischer Pfad:
1. 1->4->8->11->15->16
