Sonderfall - Nur ein Start- und Endvorgang

Vorgangsnummer; Vorgangsbezeichnung; D; FAZ; FEZ; SAZ; SEZ; GP; FP
1; Problemanalyse; 2.0; 0.0; 2.0; 0.0; 2.0; 0.0; 0.0
2; Grobplanung; 3.0; 2.0; 5.0; 2.0; 5.0; 0.0; 0.0

Anfangsvorgang: 1
Endvorgang: 2
Gesamtdauer: 5.0

Kritischer Pfad:
1. 1->2
